emaxx: replacing existing signature
emacs: replacing existing signature
Loading loadup.el (source)...
Dump mode: pdump
Using load-path (/Users/rayd/projects/emacs/lisp)
Loading emacs-lisp/debug-early...
Loading emacs-lisp/byte-run...
Loading emacs-lisp/backquote...
Loading subr...
Loading keymap...
Loading version...
Loading widget...
Loading custom...
Loading emacs-lisp/map-ynp...
Loading international/mule...
Loading international/mule-conf...
Loading env...
Loading format...
Loading bindings...
Loading window...
Loading files...
Loading emacs-lisp/macroexp...
Loading cus-face...
Loading faces...
Loading loaddefs...
Loading theme-loaddefs.el (source)...
Loading button...
Loading emacs-lisp/cl-preloaded...
Loading emacs-lisp/oclosure...
Loading obarray...
Loading abbrev...
Loading help...
Loading jka-cmpr-hook...
Loading epa-hook...
Loading international/mule-cmds...
Loading case-table...
Loading international/charprop.el (source)...
Loading international/characters...
Loading international/charscript...
Loading international/emoji-zwj...
Loading composite...
Loading language/chinese...
Loading language/cyrillic...
Loading language/indian...
Loading language/sinhala...
Loading language/english...
Loading language/ethiopic...
Loading language/european...
Loading language/czech...
Loading language/slovak...
Loading language/romanian...
Loading language/greek...
Loading language/hebrew...
Loading international/cp51932...
Loading international/eucjp-ms...
Loading language/japanese...
Loading language/korean...
Loading language/lao...
Loading language/tai-viet...
Loading language/thai...
Loading language/tibetan...
Loading language/vietnamese...
Loading language/misc-lang...
Loading language/utf-8-lang...
Loading language/georgian...
Loading language/khmer...
Loading language/burmese...
Loading language/cham...
Loading language/philippine...
Loading language/indonesian...
Loading indent...
Loading emacs-lisp/cl-generic...
Loading simple...
Loading emacs-lisp/seq...
Loading emacs-lisp/nadvice...
Loading minibuffer...
Loading frame...
Loading startup...
Loading term/tty-colors...
Loading font-core...
Loading emacs-lisp/syntax...
Loading font-lock...
Loading jit-lock...
Loading mouse...
Loading scroll-bar...
Loading select...
Loading emacs-lisp/timer...
Loading emacs-lisp/easymenu...
Loading isearch...
Loading rfn-eshadow...
Loading menu-bar...
Loading tab-bar...
Loading emacs-lisp/lisp...
Loading textmodes/page...
Loading register...
Loading textmodes/paragraphs...
Loading progmodes/prog-mode...
Loading emacs-lisp/lisp-mode...
Loading textmodes/text-mode...
Loading textmodes/fill...
Loading newcomment...
Loading replace...
Loading emacs-lisp/tabulated-list...
Loading buff-menu...
Loading fringe...
Loading emacs-lisp/regexp-opt...
Loading image...
Loading international/fontset...
Loading dnd...
Loading tool-bar...
Loading mwheel...
Loading progmodes/elisp-mode...
Loading emacs-lisp/float-sup...
Loading vc/vc-hooks...
Loading vc/ediff-hook...
Loading uniquify...
Loading electric...
Loading paren...
Loading emacs-lisp/shorthands...
Loading emacs-lisp/eldoc...
Loading emacs-lisp/cconv...
Loading cus-start...
Loading tooltip...
Loading international/iso-transl...
Loading emacs-lisp/rmc...
Loading leim/leim-list.el (source)...
Waiting for git...
Waiting for git...
Finding pointers to doc strings...
Finding pointers to doc strings...done
Pure-hashed: 22762 strings, 5330 vectors, 42116 conses, 5324 bytecodes, 357 others
Dumping under the name emacs.pdmp
Dumping fingerprint: 9c565c691eabe0bb430ebe69f91f3bc88624393ab3304f3214d9dad56052a556
Dump complete
Byte counts: header=100 hot=21090700 discardable=11568 cold=16393496
Reloc counts: hot=938996 discardable=1445
Adding name emacs-30.2.1
Adding name emacs-30.2.1.pdmp
