
running 53 tests
test lisp::eval::function_cell_tests::function_cycle_validation_follows_the_current_symbol_cells ... ok
test lisp::eval::function_cell_tests::static_roots_trace_the_current_symbol_function_cell_only ... ok
test lisp::eval::symbol_cells::tests::a_live_uninterned_symbol_is_reached_through_its_private_name ... ok
test lisp::eval::tests::eval_01::a_variable_holding_a_lambda_never_shadows_the_function_cell ... ok
test lisp::eval::tests::eval_01::defalias_replaces_an_existing_function_cell ... ok
test lisp::eval::tests::eval_01::special_forms_resolve_through_function_cells ... ok
test lisp::eval::tests::eval_02::defmacro_replaces_a_materialized_macro_function_cell ... ok
test lisp::eval::tests::eval_02::fmakunbound_keeps_builtin_function_cells_void_and_saved_subrs_callable ... ok
test lisp::eval::tests::eval_02::nil_function_cells_remain_void_while_alias_cells_remain_bound ... ok
test lisp::eval::tests::eval_02::source_definitions_restore_autoloads_without_stale_function_cells ... ok
test lisp::eval::tests::eval_03::a_plain_lexical_frame_never_shadows_the_function_cell ... ok
test lisp::eval::tests::eval_03::dotimes_nested_lambdas_bind_uninterned_parameters ... ok
test lisp::eval::tests::eval_03::evaluated_lambdas_bind_uninterned_parameters ... ok
test lisp::eval::tests::eval_03::fset_can_define_function_aliases ... ok
test lisp::eval::tests::eval_03::function_aliases_to_special_forms_preserve_unevaluated_arguments ... ok
test lisp::eval::tests::eval_03::macroexpanded_setf_follows_preferred_builtin_function_alias ... ok
test lisp::eval::tests::eval_03::nested_evaluated_lambdas_bind_uninterned_parameters ... ok
test lisp::eval::tests::eval_03::read_key_function_cell_honors_cl_letf_and_restores_gnu_subr_definition ... ok
test lisp::eval::tests::eval_03::string_comparison_uses_visible_names_of_uninterned_symbols ... ok
test lisp::eval::tests::eval_03::uninterned_symbols_have_independent_function_cells ... ok
test lisp::eval::tests::eval_04::letrec_preserves_an_uninterned_recursive_binding_like_gnu_subr_el ... ok
test lisp::eval::tests::eval_04::letrec_preserves_uninterned_binding_across_non_tail_recursive_calls ... ok
test lisp::eval::tests::eval_04::named_let_keeps_its_non_tail_recursive_function_binding ... ok
test lisp::eval::tests::eval_05::ert_source_diagnostic_loop_evaluates_function_alias_chain ... ok
test lisp::eval::tests::eval_05::loaded_ert_special_operator_probe_preserves_uninterned_argument_values ... ok
test lisp::json::tests::serializer_uses_the_visible_name_of_uninterned_object_keys ... ok
test lisp::native_comp::runtime::tests::native_apply_spreads_the_final_list_into_funcall_words ... ok
test lisp::native_comp::runtime::tests::native_assq_preserves_uninterned_lexical_binding_identity ... ok
test lisp::native_comp::runtime::tests::native_execution_lock_survives_non_lifo_activation_returns ... ok
test lisp::native_comp::runtime::tests::native_funcall_atan_accepts_an_omitted_or_nil_x ... ok
test lisp::native_comp::runtime::tests::native_funcall_builtin_error_unwinds_its_call_frame ... ok
test lisp::native_comp::runtime::tests::native_funcall_builtin_preserves_arithmetic_error ... ok
test lisp::native_comp::runtime::tests::native_funcall_dispatches_builtin_on_the_word_abi ... ok
test lisp::native_comp::runtime::tests::native_funcall_dispatches_bytecode_like_eval_c ... ok
test lisp::native_comp::runtime::tests::native_funcall_falls_back_for_alias_lambda_and_invalid_function ... ok
test lisp::native_comp::runtime::tests::native_funcall_finite_max_above_eight_matches_gnu_many_dispatch ... ok
test lisp::native_comp::runtime::tests::native_funcall_fixed_optional_nil_matches_the_c_abi ... ok
test lisp::native_comp::runtime::tests::native_funcall_honors_gnu_debug_on_exit_frame_flag ... ok
test lisp::native_comp::runtime::tests::native_funcall_log_accepts_an_omitted_or_nil_base ... ok
test lisp::native_comp::runtime::tests::native_funcall_many_and_unevalled_follow_funcall_subr ... ok
test lisp::native_comp::runtime::tests::native_funcall_wrong_arity_reports_the_resolved_subr ... ok
test lisp::native_comp::runtime::tests::native_gc_uninterned_symbols_are_weak_across_collectors ... ok
test lisp::native_comp::runtime::tests::native_mapcar_follows_fns_c_list_branch ... ok
test lisp::native_comp::runtime::tests::native_maphash_calls_each_live_slot_through_funcall ... ok
test lisp::primitives::tests::keymap_parent_resolves_symbol_function_cells_before_installing ... ok
test lisp::primitives::tests::mapatoms_honors_dynamic_obarrays_legacy_conversion_and_function_cells ... ok
test lisp::primitives::tests::positioned_reader_keeps_uninterned_names_and_source_positions ... ok
test lisp::primitives::tests::registered_subrs_never_request_function_cell_overrides ... ok
test lisp::primitives::tests::uninterned_symbols_are_reached_by_object_not_by_name ... ok
test lisp::reader::tests::uninterned_symbols ... ok
test lisp::types::ownership_tests::uninterned_symbol_lookup_crosses_serialized_host_threads ... ok
test lisp::types::tests::uninterned_symbol_keeps_its_supplied_lisp_name ... ok
test lisp::types::tests::uninterned_symbol_names_remain_reclaimable ... ok

test result: ok. 53 passed; 0 failed; 0 ignored; 0 measured; 2842 filtered out; finished in 35.00s

