0 oracle interpreted-lexical completed 0.2120661735534668
0 emaxx interpreted-lexical completed 0.6443800926208496
0 emaxx interpreted-dynamic completed 0.4116191864013672
0 oracle interpreted-dynamic completed 0.18550586700439453
0 oracle interpreted-calls completed 0.26300692558288574
0 emaxx interpreted-calls completed 0.8923158645629883
0 emaxx bytecode-calls completed 0.5143110752105713
0 oracle bytecode-calls completed 0.13777709007263184
0 oracle native-execution completed 0.5991530418395996
0 emaxx native-execution completed 2.3306429386138916
0 emaxx interpreted-to-native completed 0.5225470066070557
0 oracle interpreted-to-native completed 0.1899099349975586
0 oracle bytecode-to-native completed 0.1681990623474121
0 emaxx bytecode-to-native completed 1.4083960056304932
0 emaxx native-to-interpreted completed 0.82600998878479
0 oracle native-to-interpreted completed 0.2341930866241455
0 oracle native-to-bytecode completed 0.22468900680541992
0 emaxx native-to-bytecode completed 0.8955049514770508
0 emaxx cons-allocation completed 0.41342997550964355
0 oracle cons-allocation completed 0.2044999599456787
0 oracle list-traversal completed 0.3126261234283447
0 emaxx list-traversal completed 0.7749369144439697
0 emaxx mapcar completed 0.3469219207763672
0 oracle mapcar completed 0.16246891021728516
0 oracle explicit-gc completed 0.1860671043395996
0 emaxx explicit-gc completed 0.2599680423736572
0 emaxx upstream-sort completed 1.769421100616455
0 oracle upstream-sort completed 0.37033796310424805
0 oracle upstream-undo completed 0.13151907920837402
0 emaxx upstream-undo completed 0.7453107833862305
0 emaxx upstream-bindat completed 0.4966111183166504
0 oracle upstream-bindat completed 0.1777188777923584
