0 oracle interpreted-lexical completed 0.2230830192565918
0 emaxx interpreted-lexical completed 0.6229732036590576
0 emaxx interpreted-dynamic completed 0.4402179718017578
0 oracle interpreted-dynamic completed 0.18764305114746094
0 oracle interpreted-calls completed 0.2662539482116699
0 emaxx interpreted-calls completed 0.9049379825592041
0 emaxx bytecode-calls completed 0.452955961227417
0 oracle bytecode-calls completed 0.13766813278198242
0 oracle native-execution completed 0.5669910907745361
0 emaxx native-execution completed 1.8606009483337402
0 emaxx interpreted-to-native completed 0.5189821720123291
0 oracle interpreted-to-native completed 0.19392800331115723
0 oracle bytecode-to-native completed 0.17205095291137695
0 emaxx bytecode-to-native completed 1.3666870594024658
0 emaxx native-to-interpreted completed 0.7136659622192383
0 oracle native-to-interpreted completed 0.22292590141296387
0 oracle native-to-bytecode completed 0.20532703399658203
0 emaxx native-to-bytecode completed 0.7139790058135986
0 emaxx cons-allocation completed 0.40228891372680664
0 oracle cons-allocation completed 0.20309710502624512
0 oracle list-traversal completed 0.3020668029785156
0 emaxx list-traversal completed 0.7153141498565674
0 emaxx mapcar completed 0.32829904556274414
0 oracle mapcar completed 0.14701604843139648
0 oracle explicit-gc completed 0.17625689506530762
0 emaxx explicit-gc completed 0.23526787757873535
0 emaxx upstream-sort completed 1.6893720626831055
0 oracle upstream-sort completed 0.3450181484222412
0 oracle upstream-undo completed 0.1245110034942627
0 emaxx upstream-undo completed 1.237205982208252
0 emaxx upstream-bindat completed 0.4922161102294922
0 oracle upstream-bindat completed 0.18052887916564941
