((void nil nil nil nil (text-conversion-style . [native-local-241])) (relocalized (new-local-257) (plain-251) t ((text-conversion-style . [native-local-241]) (text-conversion-style new-local-257))) (local-killed (plain-251) nil (text-conversion-style . [native-local-241])) (mode-reset (plain-251) nil nil))