    Checking cfg-if v1.0.4
    Checking libc v0.2.183
    Checking bitflags v2.11.0
    Checking typenum v1.19.0
    Checking memchr v2.8.0
    Checking core-foundation-sys v0.8.7
    Checking scopeguard v1.2.0
    Checking smallvec v1.15.1
    Checking log v0.4.29
    Checking regex-syntax v0.8.10
    Checking utf8parse v0.2.2
    Checking num-traits v0.2.19
    Checking anstyle-parse v1.0.0
    Checking anstyle v1.0.13
    Checking anstyle-query v1.1.5
    Checking is_terminal_polyfill v1.70.2
    Checking siphasher v1.0.2
    Checking colorchoice v1.0.4
    Checking objc2-encode v4.1.0
    Checking foldhash v0.1.5
    Checking objc2-core-foundation v0.3.2
    Checking phf_shared v0.11.3
    Checking anstream v1.0.0
    Checking aho-corasick v1.1.4
    Checking hashbrown v0.15.5
    Checking serde_core v1.0.228
    Checking generic-array v0.14.7
    Checking objc2 v0.6.4
    Checking lock_api v0.4.14
    Checking tinyvec_macros v0.1.1
    Checking clap_lex v1.1.0
    Checking strsim v0.11.1
    Checking errno v0.3.14
    Checking cpufeatures v0.2.17
    Checking signal-hook-registry v1.4.8
    Checking mach2 v0.4.3
    Checking mio v1.1.1
    Checking parking_lot_core v0.9.12
    Checking signal-hook v0.3.18
    Checking bit-vec v0.8.0
    Checking bitflags v1.3.2
    Checking simd-adler32 v0.3.8
    Checking crypto-common v0.1.7
    Checking block-buffer v0.10.4
    Checking foreign-types-shared v0.3.1
    Checking adler2 v2.0.1
    Checking foreign-types v0.5.0
    Checking bit-set v0.8.0
    Checking digest v0.10.7
    Checking io-kit-sys v0.4.1
    Checking nix v0.26.4
    Checking miniz_oxide v0.8.9
    Checking signal-hook-mio v0.2.5
    Checking parking_lot v0.12.5
    Checking objc2-io-kit v0.3.2
    Checking clap_builder v4.6.0
    Checking keccak v0.1.6
    Checking rustix v0.38.44
    Checking hashlink v0.10.0
    Checking core-foundation v0.10.1
    Checking lcms2-sys v4.0.6
    Checking objc2-foundation v0.3.2
    Checking num-integer v0.1.46
    Checking tinyvec v1.12.0
    Checking zmij v1.0.21
    Checking libsqlite3-sys v0.32.0
    Checking regex-automata v0.4.14
    Checking libmimalloc-sys v0.1.49
    Checking phf v0.11.3
    Checking crc32fast v1.5.0
    Checking iana-time-zone v0.1.65
    Checking tree-sitter-language v0.1.7
    Checking same-file v1.0.6
    Checking fallible-iterator v0.3.0
    Checking bytemuck v1.25.0
    Checking fallible-streaming-iterator v0.1.9
    Checking streaming-iterator v0.1.9
    Checking str_indices v0.4.4
    Checking percent-encoding v2.3.2
    Checking itoa v1.0.17
    Checking ropey v1.6.1
    Checking lcms2 v6.1.1
    Checking walkdir v2.5.0
    Checking rusqlite v0.34.0
    Checking chrono v0.4.44
    Checking serialport v4.9.0
   Compiling emaxx v30.2.0 (/Users/rayd/projects/emaxx)
    Checking serde v1.0.228
    Checking serde_json v1.0.149
    Checking trash v5.2.6
    Checking flate2 v1.1.9
    Checking unicode-normalization v0.1.25
    Checking unicode_names2 v1.2.2
    Checking crossterm v0.28.1
    Checking mimalloc v0.1.52
    Checking num-bigint v0.4.6
    Checking libxml v0.3.16
    Checking corosensei v0.3.4
    Checking unicode-general-category v1.1.0
    Checking clap v4.6.0
    Checking sysinfo v0.39.6
    Checking sha3 v0.10.8
    Checking gost94 v0.10.4
    Checking sha1 v0.10.6
    Checking sha2 v0.10.9
    Checking streebog v0.10.2
    Checking getrandom v0.3.4
    Checking if-addrs v0.15.0
    Checking encoding_rs v0.8.35
    Checking libloading v0.8.9
    Checking glob v0.3.4
    Checking md5 v0.8.0
    Checking unicode-segmentation v1.13.3
    Checking unicode-bidi v0.3.18
    Checking unicode-width v0.2.2
    Checking shlex v1.3.0
    Checking zeroize v1.9.0
    Checking regex v1.12.3
    Checking fancy-regex v0.14.0
    Checking tree-sitter v0.26.11
error[E0425]: cannot find function `file_notify_error_with_errno` in module `crate::lisp::primitives`
    --> src/lisp/primitives/dispatch/files_process.rs:1415:54
     |
1415 | ...                   crate::lisp::primitives::file_notify_error_with_errno(
     |                                                ^^^^^^^^^^^^^^^^^^^^^^^^^^^^ not found in `crate::lisp::primitives`
     |
note: found an item that was configured out
    --> src/lisp/primitives/hooks_overlays.rs:415:15
     |
 414 | #[cfg(target_os = "linux")]
     |       ------------------- the item is gated behind the `linux` feature
 415 | pub(crate) fn file_notify_error_with_errno(
     |               ^^^^^^^^^^^^^^^^^^^^^^^^^^^^

error[E0425]: cannot find function `file_notify_error_with_errno` in module `crate::lisp::primitives`
    --> src/lisp/primitives/dispatch/files_process.rs:1438:57
     |
1438 |                     return Err(crate::lisp::primitives::file_notify_error_with_errno(
     |                                                         ^^^^^^^^^^^^^^^^^^^^^^^^^^^^ not found in `crate::lisp::primitives`
     |
note: found an item that was configured out
    --> src/lisp/primitives/hooks_overlays.rs:415:15
     |
 414 | #[cfg(target_os = "linux")]
     |       ------------------- the item is gated behind the `linux` feature
 415 | pub(crate) fn file_notify_error_with_errno(
     |               ^^^^^^^^^^^^^^^^^^^^^^^^^^^^

error[E0599]: no method named `validate_inotify_aspects` found for mutable reference `&mut eval::Interpreter` in the current scope
    --> src/lisp/primitives/dispatch/files_process.rs:1423:24
     |
1423 |                 interp.validate_inotify_aspects(&flags)?;
     |                        ^^^^^^^^^^^^^^^^^^^^^^^^ method not found in `&mut eval::Interpreter`

error[E0599]: no method named `register_inotify_file_notify_watch` found for mutable reference `&mut eval::Interpreter` in the current scope
    --> src/lisp/primitives/dispatch/files_process.rs:1425:24
     |
1425 |                 interp.register_inotify_file_notify_watch(path, flags, args[2])
     |                        ^^^^^^^^^^^^^^^^^^^^^^^^^^^^^^^^^^
     |
help: there is a method `register_file_notify_watch` with a similar name, but with different arguments
    --> src/lisp/eval/threads.rs:2197:5
     |
2197 | /     pub(crate) fn register_file_notify_watch(
2198 | |         &mut self,
2199 | |         descriptor: i64,
2200 | |         path: Option<String>,
2201 | |         flags: Vec<String>,
2202 | |         callback: Value,
2203 | |     ) -> Result<(), LispError> {
     | |______________________________^

error[E0599]: no method named `remove_inotify_file_notify_watch` found for mutable reference `&mut eval::Interpreter` in the current scope
    --> src/lisp/primitives/dispatch/files_process.rs:1444:24
     |
1444 |                 interp.remove_inotify_file_notify_watch(&args[0])?;
     |                        ^^^^^^^^^^^^^^^^^^^^^^^^^^^^^^^^
     |
help: there is a method `remove_file_notify_watch` with a similar name
     |
1444 -                 interp.remove_inotify_file_notify_watch(&args[0])?;
1444 +                 interp.remove_file_notify_watch(&args[0])?;
     |

error[E0599]: no method named `inotify_file_notify_watch_is_active` found for mutable reference `&mut eval::Interpreter` in the current scope
    --> src/lisp/primitives/dispatch/files_process.rs:1450:30
     |
1450 |                 Ok(if interp.inotify_file_notify_watch_is_active(&args[0]) {
     |                              ^^^^^^^^^^^^^^^^^^^^^^^^^^^^^^^^^^^
     |
help: there is a method `file_notify_watch_is_active` with a similar name
     |
1450 -                 Ok(if interp.inotify_file_notify_watch_is_active(&args[0]) {
1450 +                 Ok(if interp.file_notify_watch_is_active(&args[0]) {
     |

Some errors have detailed explanations: E0425, E0599.
For more information about an error, try `rustc --explain E0425`.
error: could not compile `emaxx` (lib) due to 6 previous errors
