0 oracle interpreted-lexical completed 0.21346497535705566
0 emaxx interpreted-lexical completed 0.6093769073486328
0 emaxx interpreted-dynamic completed 0.4123270511627197
0 oracle interpreted-dynamic completed 0.18680596351623535
0 oracle interpreted-calls completed 0.2511000633239746
0 emaxx interpreted-calls completed 0.815727949142456
0 emaxx bytecode-calls completed 0.4112060070037842
0 oracle bytecode-calls completed 0.13241004943847656
0 oracle native-execution completed 0.5468981266021729
0 emaxx native-execution completed 1.881349802017212
0 emaxx interpreted-to-native completed 0.49935293197631836
0 oracle interpreted-to-native completed 0.19196701049804688
0 oracle bytecode-to-native completed 0.15299201011657715
0 emaxx bytecode-to-native completed 1.319000005722046
0 emaxx native-to-interpreted completed 0.6657178401947021
0 oracle native-to-interpreted completed 0.2120349407196045
0 oracle native-to-bytecode completed 0.20027804374694824
0 emaxx native-to-bytecode completed 0.7069170475006104
0 emaxx cons-allocation completed 0.3862180709838867
0 oracle cons-allocation completed 0.20135283470153809
0 oracle list-traversal completed 0.28750109672546387
0 emaxx list-traversal completed 0.7132599353790283
0 emaxx mapcar completed 0.3096768856048584
0 oracle mapcar completed 0.1404879093170166
0 oracle explicit-gc completed 0.1714777946472168
0 emaxx explicit-gc completed 0.2297649383544922
0 emaxx upstream-sort completed 1.634403944015503
0 oracle upstream-sort completed 0.329805850982666
0 oracle upstream-undo completed 0.11578798294067383
0 emaxx upstream-undo completed 0.646813154220581
0 emaxx upstream-bindat completed 0.46681904792785645
0 oracle upstream-bindat completed 0.1694650650024414
