0 oracle interpreted-lexical completed 0.2059931755065918
0 emaxx interpreted-lexical completed 0.5780549049377441
0 emaxx interpreted-dynamic completed 0.40712785720825195
0 oracle interpreted-dynamic completed 0.18456697463989258
0 oracle interpreted-calls completed 0.24464893341064453
0 emaxx interpreted-calls completed 0.828834056854248
0 emaxx bytecode-calls completed 0.4053990840911865
0 oracle bytecode-calls completed 0.12985682487487793
0 oracle native-execution completed 0.578549861907959
0 emaxx native-execution completed 2.246271848678589
0 emaxx interpreted-to-native completed 0.4915599822998047
0 oracle interpreted-to-native completed 0.1836261749267578
0 oracle bytecode-to-native completed 0.15579819679260254
0 emaxx bytecode-to-native completed 1.2763710021972656
0 emaxx native-to-interpreted completed 0.6836690902709961
0 oracle native-to-interpreted completed 0.21366596221923828
0 oracle native-to-bytecode completed 0.19929099082946777
0 emaxx native-to-bytecode completed 0.6801211833953857
0 emaxx cons-allocation completed 0.396190881729126
0 oracle cons-allocation completed 0.19649696350097656
0 oracle list-traversal completed 0.29625391960144043
0 emaxx list-traversal completed 0.6885290145874023
0 emaxx mapcar completed 0.312546968460083
0 oracle mapcar completed 0.14043903350830078
0 oracle explicit-gc completed 0.16768217086791992
0 emaxx explicit-gc completed 0.22327494621276855
0 emaxx upstream-sort completed 1.5936269760131836
0 oracle upstream-sort completed 0.3276638984680176
0 oracle upstream-undo completed 0.11655306816101074
0 emaxx upstream-undo completed 1.2030630111694336
0 emaxx upstream-bindat completed 0.46299290657043457
0 oracle upstream-bindat completed 0.16880512237548828
