
/Users/nbmhqa186/projects/emaxx/target/runtime-goal/resume-2026-09-28/source114-ordinary-emaxx:	file format mach-o arm64

Disassembly of section __TEXT,__text:

00000001003b58a8 <emaxx::lisp::bytecode::vm::run>:
1003b58a8: a9ba6ffc    	stp	x28, x27, [sp, #-0x60]!
1003b58ac: a90167fa    	stp	x26, x25, [sp, #0x10]
1003b58b0: a9025ff8    	stp	x24, x23, [sp, #0x20]
1003b58b4: a90357f6    	stp	x22, x21, [sp, #0x30]
1003b58b8: a9044ff4    	stp	x20, x19, [sp, #0x40]
1003b58bc: a9057bfd    	stp	x29, x30, [sp, #0x50]
1003b58c0: 910143fd    	add	x29, sp, #0x50
1003b58c4: d10a03ff    	sub	sp, sp, #0x280
1003b58c8: f9006be5    	str	x5, [sp, #0xd0]
1003b58cc: aa0103f5    	mov	x21, x1
1003b58d0: f9401814    	ldr	x20, [x0, #0x30]
1003b58d4: b400bf54    	cbz	x20, 0x1003b70bc <emaxx::lisp::bytecode::vm::run+0x1814>
1003b58d8: aa0403f6    	mov	x22, x4
1003b58dc: aa0303fb    	mov	x27, x3
1003b58e0: aa0203fc    	mov	x28, x2
1003b58e4: aa0003f3    	mov	x19, x0
1003b58e8: f9431688    	ldr	x8, [x20, #0x628]
1003b58ec: b50003c8    	cbnz	x8, 0x1003b5964 <emaxx::lisp::bytecode::vm::run+0xbc>
1003b58f0: f9431e88    	ldr	x8, [x20, #0x638]
1003b58f4: 12bfff89    	mov	w9, #0x3ffff            ; =262143
1003b58f8: 8b090109    	add	x9, x8, x9
1003b58fc: d352fd29    	lsr	x9, x9, #18
1003b5900: b5000329    	cbnz	x9, 0x1003b5964 <emaxx::lisp::bytecode::vm::run+0xbc>
1003b5904: b141011f    	cmn	x8, #0x40, lsl #12      ; =0x40000
1003b5908: 5400cf22    	b.hs	0x1003b72ec <emaxx::lisp::bytecode::vm::run+0x1a44>
1003b590c: 91410117    	add	x23, x8, #0x40, lsl #12 ; =0x40000
1003b5910: d37df2f9    	lsl	x25, x23, #3
1003b5914: d37dfee8    	lsr	x8, x23, #61
1003b5918: f100011f    	cmp	x8, #0x0
1003b591c: b27defe8    	mov	x8, #0x7ffffffffffffff8 ; =9223372036854775800
1003b5920: fa480322    	ccmp	x25, x8, #0x2, eq
1003b5924: 54000109    	b.ls	0x1003b5944 <emaxx::lisp::bytecode::vm::run+0x9c>
1003b5928: d2800019    	mov	x25, #0x0               ; =0
1003b592c: d10403a8    	sub	x8, x29, #0x100
1003b5930: f9000119    	str	x25, [x8]
1003b5934: f85003a0    	ldur	x0, [x29, #-0x100]
1003b5938: f94073e1    	ldr	x1, [sp, #0xe0]
1003b593c: 940f75a8    	bl	0x100792fdc <alloc::raw_vec::handle_error>
1003b5940: 14000679    	b	0x1003b7324 <emaxx::lisp::bytecode::vm::run+0x1a7c>
1003b5944: aa1903e0    	mov	x0, x25
