0 oracle interpreted-lexical completed 0.21407794952392578
0 emaxx interpreted-lexical completed 0.6058919429779053
0 emaxx interpreted-dynamic completed 0.4080228805541992
0 oracle interpreted-dynamic completed 0.18642091751098633
0 oracle interpreted-calls completed 0.25808000564575195
0 emaxx interpreted-calls completed 0.8633718490600586
0 emaxx bytecode-calls completed 0.42948079109191895
0 oracle bytecode-calls completed 0.13373398780822754
0 oracle native-execution completed 0.5536839962005615
0 emaxx native-execution completed 2.282670021057129
0 emaxx interpreted-to-native completed 0.5152759552001953
0 oracle interpreted-to-native completed 0.19118189811706543
0 oracle bytecode-to-native completed 0.16178297996520996
0 emaxx bytecode-to-native completed 1.3421969413757324
0 emaxx native-to-interpreted completed 0.7436039447784424
0 oracle native-to-interpreted completed 0.22160792350769043
0 oracle native-to-bytecode completed 0.21111202239990234
0 emaxx native-to-bytecode completed 0.7108080387115479
0 emaxx cons-allocation completed 0.4055309295654297
0 oracle cons-allocation completed 0.21074485778808594
0 oracle list-traversal completed 0.3040001392364502
0 emaxx list-traversal completed 0.7178080081939697
0 emaxx mapcar completed 0.3212699890136719
0 oracle mapcar completed 0.13863086700439453
0 oracle explicit-gc completed 0.17579293251037598
0 emaxx explicit-gc completed 0.23102903366088867
0 emaxx upstream-sort completed 1.5879120826721191
0 oracle upstream-sort completed 0.3319389820098877
0 oracle upstream-undo completed 0.11935615539550781
0 emaxx upstream-undo completed 1.4111950397491455
0 emaxx upstream-bindat completed 0.48647618293762207
0 oracle upstream-bindat completed 0.1773979663848877
