emaxx: replacing existing signature
emacs: replacing existing signature
Loading loadup.el (source)...
Dump mode: pdump
Using load-path (/private/tmp/emaxx-runtime-gnu-20260928/lisp)
Loading emacs-lisp/debug-early (native compiled elisp)...
Loading emacs-lisp/byte-run (native compiled elisp)...
Loading emacs-lisp/backquote (native compiled elisp)...
Loading subr (native compiled elisp)...
Loading keymap (native compiled elisp)...
Loading version (native compiled elisp)...
Loading widget (native compiled elisp)...
Loading custom (native compiled elisp)...
Loading emacs-lisp/map-ynp (native compiled elisp)...
Loading international/mule (native compiled elisp)...
Loading international/mule-conf (native compiled elisp)...
Loading env (native compiled elisp)...
Loading format (native compiled elisp)...
Loading bindings (native compiled elisp)...
Loading window (native compiled elisp)...
Loading files (native compiled elisp)...
Loading emacs-lisp/macroexp (native compiled elisp)...
Loading cus-face (native compiled elisp)...
Loading faces (native compiled elisp)...
Loading loaddefs...
Loading theme-loaddefs.el (source)...
Loading button (native compiled elisp)...
Loading emacs-lisp/cl-preloaded (native compiled elisp)...
Loading emacs-lisp/oclosure (native compiled elisp)...
Loading obarray (native compiled elisp)...
Loading abbrev (native compiled elisp)...
Loading help (native compiled elisp)...
Loading jka-cmpr-hook (native compiled elisp)...
Loading epa-hook (native compiled elisp)...
Loading international/mule-cmds (native compiled elisp)...
Loading case-table (native compiled elisp)...
Loading international/charprop.el (source)...
Loading international/characters (native compiled elisp)...
Loading international/charscript (native compiled elisp)...
Loading international/emoji-zwj (native compiled elisp)...
Loading composite (native compiled elisp)...
Loading language/chinese (native compiled elisp)...
Loading language/cyrillic (native compiled elisp)...
Loading language/indian (native compiled elisp)...
Loading language/sinhala (native compiled elisp)...
Loading language/english (native compiled elisp)...
Loading language/ethiopic (native compiled elisp)...
Loading language/european (native compiled elisp)...
Loading language/czech (native compiled elisp)...
Loading language/slovak (native compiled elisp)...
Loading language/romanian (native compiled elisp)...
Loading language/greek (native compiled elisp)...
Loading language/hebrew (native compiled elisp)...
Loading international/cp51932 (native compiled elisp)...
Loading international/eucjp-ms (native compiled elisp)...
Loading language/japanese (native compiled elisp)...
Loading language/korean (native compiled elisp)...
Loading language/lao (native compiled elisp)...
Loading language/tai-viet (native compiled elisp)...
Loading language/thai (native compiled elisp)...
Loading language/tibetan (native compiled elisp)...
Loading language/vietnamese (native compiled elisp)...
Loading language/misc-lang (native compiled elisp)...
Loading language/utf-8-lang (native compiled elisp)...
Loading language/georgian (native compiled elisp)...
Loading language/khmer (native compiled elisp)...
Loading language/burmese (native compiled elisp)...
Loading language/cham (native compiled elisp)...
Loading language/philippine (native compiled elisp)...
Loading language/indonesian (native compiled elisp)...
Loading indent (native compiled elisp)...
Loading emacs-lisp/cl-generic (native compiled elisp)...
Loading simple (native compiled elisp)...
Loading emacs-lisp/seq (native compiled elisp)...
Loading emacs-lisp/nadvice (native compiled elisp)...
Loading minibuffer (native compiled elisp)...
Loading frame (native compiled elisp)...
Loading startup (native compiled elisp)...
Loading term/tty-colors (native compiled elisp)...
Loading font-core (native compiled elisp)...
Loading emacs-lisp/syntax (native compiled elisp)...
Loading font-lock (native compiled elisp)...
Loading jit-lock (native compiled elisp)...
Loading mouse (native compiled elisp)...
Loading scroll-bar (native compiled elisp)...
Loading select (native compiled elisp)...
Loading emacs-lisp/timer (native compiled elisp)...
Loading emacs-lisp/easymenu (native compiled elisp)...
Loading isearch (native compiled elisp)...
Loading rfn-eshadow (native compiled elisp)...
Loading menu-bar (native compiled elisp)...
Loading tab-bar (native compiled elisp)...
Loading emacs-lisp/lisp (native compiled elisp)...
Loading textmodes/page (native compiled elisp)...
Loading register (native compiled elisp)...
Loading textmodes/paragraphs (native compiled elisp)...
Loading progmodes/prog-mode (native compiled elisp)...
Loading emacs-lisp/lisp-mode (native compiled elisp)...
Loading textmodes/text-mode (native compiled elisp)...
Loading textmodes/fill (native compiled elisp)...
Loading newcomment (native compiled elisp)...
Loading replace (native compiled elisp)...
Loading emacs-lisp/tabulated-list (native compiled elisp)...
Loading buff-menu (native compiled elisp)...
Loading fringe (native compiled elisp)...
Loading emacs-lisp/regexp-opt (native compiled elisp)...
Loading image (native compiled elisp)...
Loading international/fontset (native compiled elisp)...
Loading dnd (native compiled elisp)...
Loading tool-bar (native compiled elisp)...
Loading mwheel (native compiled elisp)...
Loading progmodes/elisp-mode (native compiled elisp)...
Loading emacs-lisp/float-sup (native compiled elisp)...
Loading vc/vc-hooks (native compiled elisp)...
Loading vc/ediff-hook (native compiled elisp)...
Loading uniquify (native compiled elisp)...
Loading electric (native compiled elisp)...
Loading paren (native compiled elisp)...
Loading emacs-lisp/shorthands (native compiled elisp)...
Loading emacs-lisp/eldoc (native compiled elisp)...
Loading emacs-lisp/cconv (native compiled elisp)...
Loading cus-start (native compiled elisp)...
Loading tooltip (native compiled elisp)...
Loading international/iso-transl (native compiled elisp)...
Loading emacs-lisp/rmc (native compiled elisp)...
Loading leim/leim-list.el (source)...
Waiting for git...
Waiting for git...
Finding pointers to doc strings...
Finding pointers to doc strings...done
Pure-hashed: 15459 strings, 1322 vectors, 43679 conses, 1187 bytecodes, 379 others
Dumping under the name emacs.pdmp
Dumping fingerprint: 6e46fe6963265f713c221202874d677a9b258d9a7be0de9e452848dbcced0888
Dump complete
Byte counts: header=100 hot=11212412 discardable=11568 cold=12201064
Reloc counts: hot=721600 discardable=1445
Adding name emacs-30.2.9
Adding name emacs-30.2.9.pdmp
