((0 t 1 record-boundary-kind nil) (1 t 2 record-boundary-kind record-boundary-fill) (9 t 10 record-boundary-kind record-boundary-fill) (257 t 258 record-boundary-kind record-boundary-fill) (4094 t 4095 record-boundary-kind record-boundary-fill) (4095 (error "Attempt to allocate a record of 4096 slots; max is 4095")) (8192 (error "Attempt to allocate a record of 8193 slots; max is 4095")))