(((error "Invalid byte-code object") (error "Invalid byte-code object") (error "Invalid byte-code object") (error "Invalid byte-code object") accepted (error "Invalid byte-code object") (error "Invalid byte-code object") (error "Invalid byte-code object") (error "Invalid byte-code object") (error "Invalid byte-code object") (error "Invalid byte-code object") (error "Invalid byte-code object") (error "Invalid byte-code object")) ((4 t t t 0) (4 t t t 0) (4 t t t 0) (4 t t t 0) (4 t t t 0) (4 t t t 0) (4 t t t 0)) ((4 t) (5 t) (6 t) (7 t) (9 t)))
