(all all ((233 (t t t t t nil t t nil)) (9731 (t t nil t t nil t t nil)) (55296 (t t nil t t nil t t nil)) (1114111 (t t nil t t nil t t nil)) (1114112 (nil t nil t t nil nil t nil)) (4194175 (nil t nil t t nil nil t nil)) (4194176 (nil nil nil t t nil nil nil nil)) (4194303 (nil nil nil t t nil nil nil nil))) (nil t t t t nil nil t nil) (t t t t t nil t t nil) (t t t t t nil t t nil) (t t) utf-8-emacs-unix)
