(((57343 (t t nil t t)) (57344 (t t nil t t)) (57471 (t t nil t t)) (57472 (t t nil t t)) (57599 (t t nil t t)) (57600 (t t nil t t)) (1114111 (t t nil t t)) (1114112 (nil t nil t t)) (4194175 (nil t nil t t)) (4194176 (nil nil nil t t)) (4194303 (nil nil nil t t))) (t t t t t) (nil t t t t) (utf-8-emacs utf-8 utf-8-emacs raw-text no-conversion) (utf-8-emacs raw-text no-conversion))
