((decline file-already-exists before-write (confirm) (111 108 100)) (accept ok utf-8-unix (confirm select) (110 101 119)) (exclusive-existing file-already-exists utf-8-unix (select) (111 108 100)) (exclusive-callback-creation file-already-exists utf-8-unix (select) (111 99 99 117 112 105 101 100)) (exclusive-new ok utf-8-unix (select) (110 101 119)) (append ok utf-8-unix (select) (111 108 100 110 101 119)) (offset ok utf-8-unix (select) (111 110 101 119)) (exclusive-append file-already-exists utf-8-unix (select) (111 108 100)))
