(((wrong-type-argument symbolp) (error "Invalid argument list") (error "Invalid hash table test") (wrong-type-argument symbolp) (error "Invalid hash table size") (error "Invalid hash table weakness") (error "Invalid argument list") (eql nil 0) (eql nil 8)) ((eq key 0) (equal nil 0) (error "Invalid hash table test") (wrong-type-argument symbolp) (error "Invalid hash table size") (error "Invalid hash table weakness") (error "Invalid argument list") (eql nil 0) (eql nil 8)))