(((wrong-type-argument keymapp t) (wrong-type-argument keymapp t) (wrong-type-argument keymapp t) (wrong-type-argument keymapp t) (wrong-type-argument keymapp t) (wrong-type-argument keymapp t) (wrong-type-argument keymapp t) (wrong-type-argument keymapp t) (wrong-type-argument keymapp t) (wrong-type-argument keymapp t) (wrong-type-argument keymapp t) (wrong-type-argument keymapp t)) t command)
