((0 (string) 0 0 nil t t t t t) (1 (make-string 0 97) 0 0 nil t t t t t) (2 (make-string 0 97 t) 0 0 t t t t t t) (3 (make-string 0 945) 0 0 t t t t t t) (4 (substring "ab" 1 1) 0 0 nil t t t t t) (5 (substring (string 945) 0 0) 0 0 t t t t t t) (6 (concat) 0 0 nil t t t t t) (7 (concat "" "") 0 0 nil t t t t t) (8 (concat (make-string 0 97 t)) 0 0 t t t t t t) (9 (string-as-unibyte (make-string 0 97 t)) 0 0 nil t t t t t) (10 (string-as-multibyte "") 0 0 t t t t t t) (11 (string-to-multibyte "") 0 0 t t t t t t))
