((put 1 t t t) (t t t t added) (put 3 t t t) (t t t t added) (put 17 t t t) (t t t t added) (put 129 t t t) (t t t t added) (t 4 11 13) (wrong-type-argument plistp t t) (wrong-type-argument plistp t t) (wrong-type-argument plistp t t) (wrong-type-argument plistp t t) (t 29 37) (circular-list 0 31 t) (circular-list 2 31 t) (circular-list 13 31 t) (plist-put 1 t t t) (t t t t added) (plist-put 3 t t t) (t t t t added) (plist-put 17 t t t) (t t t t added) (plist-put 129 t t t) (t t t t added) (t 4 11 13) (wrong-type-argument plistp t t) (wrong-type-argument plistp t t) (wrong-type-argument plistp t t) (wrong-type-argument plistp t t) (t 29 37) (circular-list 0 31 t) (circular-list 2 31 t) (circular-list 13 31 t))
