(((initial (default-193) (default-193) nil nil) (assigned [local-197 7] (default-193) t [local-197 7]) (local-let (temporary-199) (default-193) t (temporary-199)) (local-restored [local-197 7] (default-193) t [local-197 7]) (killed (default-193) (default-193) nil nil) (default-let (default-let-211) (default-let-211) nil nil) (default-set (default-set-223) (default-set-223) nil nil) (made-local (explicit-local-227) (default-set-223) t (explicit-local-227)) (default-restored (explicit-local-227) (default-193) t (explicit-local-227)) (killed-during-let (default-193) (default-193) nil nil) (after-killed-let (default-193) (default-193) nil nil) (after-mode-change (default-193) (default-193) nil nil)) ((set buffer) (let buffer) (unlet buffer) (set nil) (set buffer) (set nil) (set buffer) (set nil) (let buffer) (set buffer)))