(("entry-token" "entry-token" (invalid-function 17) (void-function missing-reader-callback) ((minibuffer "Lisp expression: ") (minibuffer "Lisp expression: "))) ("entry-token" "entry-token" (invalid-function 17) (void-function missing-reader-callback) ((minibuffer "Lisp expression: ") (minibuffer "Lisp expression: "))))